OpenJDK 64-Bit Server VM (25.242-b08) for windows-amd64 JRE (1.8.0_242-b08), built on Jan 18 2020 02:18:05 by "Administrator" with MS VC++ 10.0 (VS2010)
Memory: 4k page, physical 8289272k(2501368k free), swap 20460664k(4156044k free)
CommandLine flags: -XX:InitialHeapSize=4294967296 -XX:MaxHeapSize=4294967296 -XX:MaxNewSize=348966912 -XX:MaxTenuringThreshold=6 -XX:NewSize=348966912 -XX:OldPLABSize=16 -XX:OldSize=697933824 -XX:+PrintGC -XX:+PrintGCDateStamps -XX:+PrintGCDetails -XX:+PrintGCTimeStamps -XX:+UseCompressedClassPointers -XX:+UseCompressedOops -XX:+UseConcMarkSweepGC -XX:-UseLargePagesIndividualAllocation -XX:+UseParNewGC 
2020-10-27T20:27:16.925+0800: 0.689: [GC (Allocation Failure) 2020-10-27T20:27:16.925+0800: 0.689: [ParNew: 272640K->34048K(306688K), 0.0306272 secs] 272640K->86823K(4160256K), 0.0308571 secs] [Times: user=0.08 sys=0.03, real=0.03 secs] 
2020-10-27T20:27:17.018+0800: 0.781: [GC (Allocation Failure) 2020-10-27T20:27:17.018+0800: 0.781: [ParNew: 306688K->34048K(306688K), 0.0398608 secs] 359463K->164543K(4160256K), 0.0399471 secs] [Times: user=0.09 sys=0.08, real=0.04 secs] 
2020-10-27T20:27:17.120+0800: 0.884: [GC (Allocation Failure) 2020-10-27T20:27:17.120+0800: 0.884: [ParNew: 306688K->34048K(306688K), 0.0600619 secs] 437183K->249194K(4160256K), 0.0601594 secs] [Times: user=0.13 sys=0.03, real=0.06 secs] 
2020-10-27T20:27:17.242+0800: 1.006: [GC (Allocation Failure) 2020-10-27T20:27:17.242+0800: 1.006: [ParNew: 306688K->34048K(306688K), 0.0582711 secs] 521834K->331306K(4160256K), 0.0583620 secs] [Times: user=0.13 sys=0.03, real=0.06 secs] 
2020-10-27T20:27:17.382+0800: 1.145: [GC (Allocation Failure) 2020-10-27T20:27:17.382+0800: 1.145: [ParNew: 306688K->34048K(306688K), 0.0539982 secs] 603946K->402461K(4160256K), 0.0541084 secs] [Times: user=0.09 sys=0.05, real=0.05 secs] 
2020-10-27T20:27:17.498+0800: 1.262: [GC (Allocation Failure) 2020-10-27T20:27:17.498+0800: 1.262: [ParNew: 306688K->34048K(306688K), 0.0602146 secs] 675101K->484640K(4160256K), 0.0602999 secs] [Times: user=0.16 sys=0.05, real=0.06 secs] 
2020-10-27T20:27:17.617+0800: 1.380: [GC (Allocation Failure) 2020-10-27T20:27:17.617+0800: 1.380: [ParNew: 306688K->34048K(306688K), 0.0668810 secs] 757280K->576386K(4160256K), 0.0669930 secs] [Times: user=0.17 sys=0.03, real=0.07 secs] 
Heap
 par new generation   total 306688K, used 263221K [0x00000006c0000000, 0x00000006d4cc0000, 0x00000006d4cc0000)
  eden space 272640K,  84% used [0x00000006c0000000, 0x00000006cdfcd560, 0x00000006d0a40000)
  from space 34048K, 100% used [0x00000006d2b80000, 0x00000006d4cc0000, 0x00000006d4cc0000)
  to   space 34048K,   0% used [0x00000006d0a40000, 0x00000006d0a40000, 0x00000006d2b80000)
 concurrent mark-sweep generation total 3853568K, used 542338K [0x00000006d4cc0000, 0x00000007c0000000, 0x00000007c0000000)
 Metaspace       used 2993K, capacity 4486K, committed 4864K, reserved 1056768K
  class space    used 310K, capacity 386K, committed 512K, reserved 1048576K
