OpenJDK 64-Bit Server VM (25.242-b08) for windows-amd64 JRE (1.8.0_242-b08), built on Jan 18 2020 02:18:05 by "Administrator" with MS VC++ 10.0 (VS2010)
Memory: 4k page, physical 8289272k(2550244k free), swap 20460664k(4157976k free)
CommandLine flags: -XX:InitialHeapSize=536870912 -XX:MaxHeapSize=536870912 -XX:MaxNewSize=178958336 -XX:MaxTenuringThreshold=6 -XX:NewSize=178958336 -XX:OldPLABSize=16 -XX:OldSize=357912576 -XX:+PrintGC -XX:+PrintGCDateStamps -XX:+PrintGCDetails -XX:+PrintGCTimeStamps -XX:+UseCompressedClassPointers -XX:+UseCompressedOops -XX:+UseConcMarkSweepGC -XX:-UseLargePagesIndividualAllocation -XX:+UseParNewGC 
2020-10-27T20:25:40.551+0800: 0.274: [GC (Allocation Failure) 2020-10-27T20:25:40.551+0800: 0.275: [ParNew: 139776K->17472K(157248K), 0.0132577 secs] 139776K->51151K(506816K), 0.0134840 secs] [Times: user=0.00 sys=0.00, real=0.01 secs] 
2020-10-27T20:25:40.591+0800: 0.315: [GC (Allocation Failure) 2020-10-27T20:25:40.591+0800: 0.315: [ParNew: 157248K->17472K(157248K), 0.0162655 secs] 190927K->94692K(506816K), 0.0163635 secs] [Times: user=0.02 sys=0.05, real=0.02 secs] 
2020-10-27T20:25:40.636+0800: 0.360: [GC (Allocation Failure) 2020-10-27T20:25:40.636+0800: 0.360: [ParNew: 157248K->17472K(157248K), 0.0270173 secs] 234468K->136707K(506816K), 0.0271181 secs] [Times: user=0.06 sys=0.03, real=0.03 secs] 
2020-10-27T20:25:40.692+0800: 0.416: [GC (Allocation Failure) 2020-10-27T20:25:40.692+0800: 0.416: [ParNew: 157248K->17472K(157248K), 0.0272973 secs] 276483K->179874K(506816K), 0.0273981 secs] [Times: user=0.03 sys=0.02, real=0.03 secs] 
2020-10-27T20:25:40.754+0800: 0.477: [GC (Allocation Failure) 2020-10-27T20:25:40.754+0800: 0.477: [ParNew: 157032K->17471K(157248K), 0.0250337 secs] 319434K->220705K(506816K), 0.0251212 secs] [Times: user=0.05 sys=0.00, real=0.03 secs] 
2020-10-27T20:25:40.785+0800: 0.508: [GC (CMS Initial Mark) [1 CMS-initial-mark: 203233K(349568K)] 221448K(506816K), 0.0001710 secs] [Times: user=0.00 sys=0.00, real=0.00 secs] 
2020-10-27T20:25:40.785+0800: 0.508: [CMS-concurrent-mark-start]
2020-10-27T20:25:40.792+0800: 0.515: [CMS-concurrent-mark: 0.007/0.007 secs] [Times: user=0.00 sys=0.00, real=0.01 secs] 
2020-10-27T20:25:40.792+0800: 0.515: [CMS-concurrent-preclean-start]
2020-10-27T20:25:40.792+0800: 0.516: [CMS-concurrent-preclean: 0.001/0.001 secs] [Times: user=0.00 sys=0.00, real=0.00 secs] 
2020-10-27T20:25:40.793+0800: 0.516: [CMS-concurrent-abortable-preclean-start]
2020-10-27T20:25:40.813+0800: 0.536: [GC (Allocation Failure) 2020-10-27T20:25:40.813+0800: 0.536: [ParNew: 157176K->17472K(157248K), 0.0259294 secs] 360409K->262702K(506816K), 0.0260239 secs] [Times: user=0.09 sys=0.00, real=0.03 secs] 
2020-10-27T20:25:40.868+0800: 0.591: [GC (Allocation Failure) 2020-10-27T20:25:40.868+0800: 0.591: [ParNew: 157210K->17472K(157248K), 0.0233161 secs] 402440K->298887K(506816K), 0.0234124 secs] [Times: user=0.05 sys=0.00, real=0.02 secs] 
2020-10-27T20:25:40.916+0800: 0.640: [GC (Allocation Failure) 2020-10-27T20:25:40.916+0800: 0.640: [ParNew: 157248K->17472K(157248K), 0.0238671 secs] 438663K->337531K(506816K), 0.0239698 secs] [Times: user=0.05 sys=0.00, real=0.02 secs] 
2020-10-27T20:25:40.968+0800: 0.691: [GC (Allocation Failure) 2020-10-27T20:25:40.968+0800: 0.691: [ParNew: 157248K->157248K(157248K), 0.0000265 secs]2020-10-27T20:25:40.968+0800: 0.691: [CMS2020-10-27T20:25:40.968+0800: 0.691: [CMS-concurrent-abortable-preclean: 0.007/0.176 secs] [Times: user=0.30 sys=0.00, real=0.17 secs] 
 (concurrent mode failure): 320059K->250511K(349568K), 0.0513954 secs] 477307K->250511K(506816K), [Metaspace: 2987K->2987K(1056768K)], 0.0515367 secs] [Times: user=0.06 sys=0.00, real=0.05 secs] 
2020-10-27T20:25:41.044+0800: 0.768: [GC (Allocation Failure) 2020-10-27T20:25:41.044+0800: 0.768: [ParNew: 139776K->17472K(157248K), 0.0098397 secs] 390287K->298734K(506816K), 0.0099138 secs] [Times: user=0.05 sys=0.00, real=0.01 secs] 
2020-10-27T20:25:41.054+0800: 0.778: [GC (CMS Initial Mark) [1 CMS-initial-mark: 281262K(349568K)] 298818K(506816K), 0.0001302 secs] [Times: user=0.00 sys=0.00, real=0.00 secs] 
2020-10-27T20:25:41.054+0800: 0.778: [CMS-concurrent-mark-start]
2020-10-27T20:25:41.057+0800: 0.781: [CMS-concurrent-mark: 0.003/0.003 secs] [Times: user=0.00 sys=0.00, real=0.00 secs] 
2020-10-27T20:25:41.058+0800: 0.781: [CMS-concurrent-preclean-start]
2020-10-27T20:25:41.058+0800: 0.781: [CMS-concurrent-preclean: 0.000/0.000 secs] [Times: user=0.00 sys=0.00, real=0.00 secs] 
2020-10-27T20:25:41.058+0800: 0.781: [CMS-concurrent-abortable-preclean-start]
2020-10-27T20:25:41.080+0800: 0.803: [GC (Allocation Failure) 2020-10-27T20:25:41.080+0800: 0.803: [ParNew: 157248K->17472K(157248K), 0.0151709 secs] 438510K->343574K(506816K), 0.0152681 secs] [Times: user=0.05 sys=0.00, real=0.02 secs] 
2020-10-27T20:25:41.096+0800: 0.819: [CMS-concurrent-abortable-preclean: 0.002/0.038 secs] [Times: user=0.06 sys=0.00, real=0.04 secs] 
2020-10-27T20:25:41.096+0800: 0.820: [GC (CMS Final Remark) [YG occupancy: 27235 K (157248 K)]2020-10-27T20:25:41.096+0800: 0.820: [Rescan (parallel) , 0.0004996 secs]2020-10-27T20:25:41.097+0800: 0.820: [weak refs processing, 0.0000125 secs]2020-10-27T20:25:41.097+0800: 0.820: [class unloading, 0.0002391 secs]2020-10-27T20:25:41.097+0800: 0.820: [scrub symbol table, 0.0003311 secs]2020-10-27T20:25:41.097+0800: 0.821: [scrub string table, 0.0000924 secs][1 CMS-remark: 326102K(349568K)] 353338K(506816K), 0.0012620 secs] [Times: user=0.06 sys=0.00, real=0.00 secs] 
2020-10-27T20:25:41.098+0800: 0.821: [CMS-concurrent-sweep-start]
2020-10-27T20:25:41.098+0800: 0.821: [CMS-concurrent-sweep: 0.001/0.001 secs] [Times: user=0.00 sys=0.00, real=0.00 secs] 
2020-10-27T20:25:41.098+0800: 0.822: [CMS-concurrent-reset-start]
2020-10-27T20:25:41.099+0800: 0.822: [CMS-concurrent-reset: 0.001/0.001 secs] [Times: user=0.00 sys=0.00, real=0.00 secs] 
2020-10-27T20:25:41.123+0800: 0.847: [GC (Allocation Failure) 2020-10-27T20:25:41.123+0800: 0.847: [ParNew: 157248K->157248K(157248K), 0.0000203 secs]2020-10-27T20:25:41.123+0800: 0.847: [CMS: 295784K->295525K(349568K), 0.0590053 secs] 453032K->295525K(506816K), [Metaspace: 2987K->2987K(1056768K)], 0.0591245 secs] [Times: user=0.06 sys=0.00, real=0.06 secs] 
2020-10-27T20:25:41.183+0800: 0.906: [GC (CMS Initial Mark) [1 CMS-initial-mark: 295525K(349568K)] 296310K(506816K), 0.0002390 secs] [Times: user=0.00 sys=0.00, real=0.00 secs] 
2020-10-27T20:25:41.183+0800: 0.906: [CMS-concurrent-mark-start]
2020-10-27T20:25:41.187+0800: 0.910: [CMS-concurrent-mark: 0.004/0.004 secs] [Times: user=0.00 sys=0.00, real=0.00 secs] 
2020-10-27T20:25:41.187+0800: 0.910: [CMS-concurrent-preclean-start]
2020-10-27T20:25:41.188+0800: 0.911: [CMS-concurrent-preclean: 0.001/0.001 secs] [Times: user=0.00 sys=0.00, real=0.00 secs] 
2020-10-27T20:25:41.188+0800: 0.911: [CMS-concurrent-abortable-preclean-start]
2020-10-27T20:25:41.209+0800: 0.933: [GC (Allocation Failure) 2020-10-27T20:25:41.209+0800: 0.933: [ParNew: 139776K->17472K(157248K), 0.0095367 secs] 435301K->340770K(506816K), 0.0096275 secs] [Times: user=0.00 sys=0.00, real=0.01 secs] 
2020-10-27T20:25:41.252+0800: 0.975: [GC (Allocation Failure) 2020-10-27T20:25:41.252+0800: 0.975: [ParNew: 157248K->157248K(157248K), 0.0000212 secs]2020-10-27T20:25:41.252+0800: 0.975: [CMS2020-10-27T20:25:41.252+0800: 0.975: [CMS-concurrent-abortable-preclean: 0.002/0.064 secs] [Times: user=0.05 sys=0.00, real=0.06 secs] 
 (concurrent mode failure): 323298K->311447K(349568K), 0.0674673 secs] 480546K->311447K(506816K), [Metaspace: 2987K->2987K(1056768K)], 0.0675954 secs] [Times: user=0.08 sys=0.00, real=0.07 secs] 
2020-10-27T20:25:41.361+0800: 1.084: [GC (Allocation Failure) 2020-10-27T20:25:41.361+0800: 1.084: [ParNew: 139760K->17472K(157248K), 0.0203165 secs] 451207K->363833K(506816K), 0.0204088 secs] [Times: user=0.08 sys=0.02, real=0.02 secs] 
2020-10-27T20:25:41.382+0800: 1.105: [GC (CMS Initial Mark) [1 CMS-initial-mark: 346361K(349568K)] 363977K(506816K), 0.0002427 secs] [Times: user=0.00 sys=0.00, real=0.00 secs] 
2020-10-27T20:25:41.382+0800: 1.105: [CMS-concurrent-mark-start]
2020-10-27T20:25:41.386+0800: 1.109: [CMS-concurrent-mark: 0.004/0.004 secs] [Times: user=0.00 sys=0.00, real=0.00 secs] 
2020-10-27T20:25:41.386+0800: 1.109: [CMS-concurrent-preclean-start]
2020-10-27T20:25:41.387+0800: 1.110: [CMS-concurrent-preclean: 0.001/0.001 secs] [Times: user=0.00 sys=0.00, real=0.00 secs] 
2020-10-27T20:25:41.387+0800: 1.110: [CMS-concurrent-abortable-preclean-start]
2020-10-27T20:25:41.387+0800: 1.110: [CMS-concurrent-abortable-preclean: 0.000/0.000 secs] [Times: user=0.00 sys=0.00, real=0.00 secs] 
2020-10-27T20:25:41.387+0800: 1.110: [GC (CMS Final Remark) [YG occupancy: 37113 K (157248 K)]2020-10-27T20:25:41.387+0800: 1.110: [Rescan (parallel) , 0.0005009 secs]2020-10-27T20:25:41.388+0800: 1.111: [weak refs processing, 0.0000200 secs]2020-10-27T20:25:41.388+0800: 1.111: [class unloading, 0.0003651 secs]2020-10-27T20:25:41.388+0800: 1.111: [scrub symbol table, 0.0006486 secs]2020-10-27T20:25:41.389+0800: 1.112: [scrub string table, 0.0002165 secs][1 CMS-remark: 346361K(349568K)] 383475K(506816K), 0.0018999 secs] [Times: user=0.00 sys=0.00, real=0.00 secs] 
2020-10-27T20:25:41.389+0800: 1.112: [CMS-concurrent-sweep-start]
2020-10-27T20:25:41.390+0800: 1.113: [CMS-concurrent-sweep: 0.001/0.001 secs] [Times: user=0.00 sys=0.00, real=0.00 secs] 
2020-10-27T20:25:41.390+0800: 1.113: [CMS-concurrent-reset-start]
2020-10-27T20:25:41.390+0800: 1.114: [CMS-concurrent-reset: 0.001/0.001 secs] [Times: user=0.00 sys=0.00, real=0.00 secs] 
2020-10-27T20:25:41.420+0800: 1.143: [GC (Allocation Failure) 2020-10-27T20:25:41.420+0800: 1.143: [ParNew: 157248K->157248K(157248K), 0.0000279 secs]2020-10-27T20:25:41.420+0800: 1.143: [CMS: 304170K->338291K(349568K), 0.0869450 secs] 461418K->338291K(506816K), [Metaspace: 2987K->2987K(1056768K)], 0.0870720 secs] [Times: user=0.09 sys=0.00, real=0.09 secs] 
2020-10-27T20:25:41.507+0800: 1.231: [GC (CMS Initial Mark) [1 CMS-initial-mark: 338291K(349568K)] 339012K(506816K), 0.0001225 secs] [Times: user=0.00 sys=0.00, real=0.00 secs] 
2020-10-27T20:25:41.507+0800: 1.231: [CMS-concurrent-mark-start]
Heap
 par new generation   total 157248K, used 6290K [0x00000000e0000000, 0x00000000eaaa0000, 0x00000000eaaa0000)
  eden space 139776K,   4% used [0x00000000e0000000, 0x00000000e0624810, 0x00000000e8880000)
  from space 17472K,   0% used [0x00000000e8880000, 0x00000000e8880000, 0x00000000e9990000)
  to   space 17472K,   0% used [0x00000000e9990000, 0x00000000e9990000, 0x00000000eaaa0000)
 concurrent mark-sweep generation total 349568K, used 338291K [0x00000000eaaa0000, 0x0000000100000000, 0x0000000100000000)
 Metaspace       used 2993K, capacity 4486K, committed 4864K, reserved 1056768K
  class space    used 310K, capacity 386K, committed 512K, reserved 1048576K
