OpenJDK 64-Bit Server VM (25.242-b08) for windows-amd64 JRE (1.8.0_242-b08), built on Jan 18 2020 02:18:05 by "Administrator" with MS VC++ 10.0 (VS2010)
Memory: 4k page, physical 8289272k(2410788k free), swap 20535552k(4313564k free)
CommandLine flags: -XX:InitialHeapSize=134217728 -XX:MaxHeapSize=134217728 -XX:MaxNewSize=44740608 -XX:MaxTenuringThreshold=6 -XX:NewSize=44740608 -XX:OldPLABSize=16 -XX:OldSize=89477120 -XX:+PrintGC -XX:+PrintGCDateStamps -XX:+PrintGCDetails -XX:+PrintGCTimeStamps -XX:+UseCompressedClassPointers -XX:+UseCompressedOops -XX:+UseConcMarkSweepGC -XX:-UseLargePagesIndividualAllocation -XX:+UseParNewGC 
2020-10-27T20:19:23.975+0800: 0.194: [GC (Allocation Failure) 2020-10-27T20:19:23.975+0800: 0.194: [ParNew: 34923K->4349K(39296K), 0.0065378 secs] 34923K->13900K(126720K), 0.0068060 secs] [Times: user=0.00 sys=0.00, real=0.01 secs] 
2020-10-27T20:19:23.994+0800: 0.215: [GC (Allocation Failure) 2020-10-27T20:19:23.994+0800: 0.215: [ParNew: 39293K->4335K(39296K), 0.0060293 secs] 48844K->24443K(126720K), 0.0061048 secs] [Times: user=0.00 sys=0.00, real=0.01 secs] 
2020-10-27T20:19:24.014+0800: 0.235: [GC (Allocation Failure) 2020-10-27T20:19:24.014+0800: 0.235: [ParNew: 39107K->4352K(39296K), 0.0060178 secs] 59215K->33342K(126720K), 0.0061210 secs] [Times: user=0.02 sys=0.05, real=0.01 secs] 
2020-10-27T20:19:24.030+0800: 0.250: [GC (Allocation Failure) 2020-10-27T20:19:24.030+0800: 0.250: [ParNew: 39296K->4352K(39296K), 0.0064233 secs] 68286K->44049K(126720K), 0.0065136 secs] [Times: user=0.03 sys=0.02, real=0.01 secs] 
2020-10-27T20:19:24.045+0800: 0.265: [GC (Allocation Failure) 2020-10-27T20:19:24.045+0800: 0.265: [ParNew: 39079K->4345K(39296K), 0.0077487 secs] 78776K->56362K(126720K), 0.0078270 secs] [Times: user=0.05 sys=0.00, real=0.01 secs] 
2020-10-27T20:19:24.053+0800: 0.273: [GC (CMS Initial Mark) [1 CMS-initial-mark: 52016K(87424K)] 56650K(126720K), 0.0030908 secs] [Times: user=0.00 sys=0.00, real=0.00 secs] 
2020-10-27T20:19:24.056+0800: 0.276: [CMS-concurrent-mark-start]
2020-10-27T20:19:24.059+0800: 0.279: [CMS-concurrent-mark: 0.003/0.003 secs] [Times: user=0.00 sys=0.00, real=0.00 secs] 
2020-10-27T20:19:24.059+0800: 0.279: [CMS-concurrent-preclean-start]
2020-10-27T20:19:24.059+0800: 0.279: [CMS-concurrent-preclean: 0.000/0.000 secs] [Times: user=0.00 sys=0.00, real=0.00 secs] 
2020-10-27T20:19:24.059+0800: 0.279: [CMS-concurrent-abortable-preclean-start]
2020-10-27T20:19:24.062+0800: 0.282: [GC (Allocation Failure) 2020-10-27T20:19:24.062+0800: 0.282: [ParNew: 39215K->4352K(39296K), 0.0094515 secs] 91232K->71325K(126720K), 0.0095392 secs] [Times: user=0.03 sys=0.02, real=0.01 secs] 
2020-10-27T20:19:24.079+0800: 0.300: [GC (Allocation Failure) 2020-10-27T20:19:24.079+0800: 0.300: [ParNew: 39296K->4348K(39296K), 0.0070438 secs] 106269K->82747K(126720K), 0.0071402 secs] [Times: user=0.05 sys=0.00, real=0.01 secs] 
2020-10-27T20:19:24.093+0800: 0.313: [GC (Allocation Failure) 2020-10-27T20:19:24.093+0800: 0.314: [ParNew: 39168K->39168K(39296K), 0.0000183 secs]2020-10-27T20:19:24.094+0800: 0.314: [CMS2020-10-27T20:19:24.094+0800: 0.314: [CMS-concurrent-abortable-preclean: 0.001/0.034 secs] [Times: user=0.08 sys=0.02, real=0.04 secs] 
 (concurrent mode failure): 78399K->84533K(87424K), 0.0214980 secs] 117567K->84533K(126720K), [Metaspace: 2987K->2987K(1056768K)], 0.0216258 secs] [Times: user=0.02 sys=0.01, real=0.02 secs] 
2020-10-27T20:19:24.123+0800: 0.343: [GC (Allocation Failure) 2020-10-27T20:19:24.123+0800: 0.343: [ParNew: 34764K->34764K(39296K), 0.0000185 secs]2020-10-27T20:19:24.123+0800: 0.343: [CMS: 84533K->87379K(87424K), 0.0206092 secs] 119298K->95000K(126720K), [Metaspace: 2987K->2987K(1056768K)], 0.0207270 secs] [Times: user=0.03 sys=0.00, real=0.02 secs] 
2020-10-27T20:19:24.144+0800: 0.364: [GC (CMS Initial Mark) [1 CMS-initial-mark: 87379K(87424K)] 95288K(126720K), 0.0001493 secs] [Times: user=0.00 sys=0.00, real=0.00 secs] 
2020-10-27T20:19:24.144+0800: 0.364: [CMS-concurrent-mark-start]
2020-10-27T20:19:24.145+0800: 0.365: [CMS-concurrent-mark: 0.001/0.001 secs] [Times: user=0.00 sys=0.00, real=0.00 secs] 
2020-10-27T20:19:24.146+0800: 0.366: [CMS-concurrent-preclean-start]
2020-10-27T20:19:24.147+0800: 0.367: [CMS-concurrent-preclean: 0.001/0.001 secs] [Times: user=0.00 sys=0.00, real=0.00 secs] 
2020-10-27T20:19:24.147+0800: 0.367: [CMS-concurrent-abortable-preclean-start]
2020-10-27T20:19:24.147+0800: 0.367: [CMS-concurrent-abortable-preclean: 0.000/0.000 secs] [Times: user=0.00 sys=0.00, real=0.00 secs] 
2020-10-27T20:19:24.147+0800: 0.367: [GC (CMS Final Remark) [YG occupancy: 14263 K (39296 K)]2020-10-27T20:19:24.147+0800: 0.367: [Rescan (parallel) , 0.0001787 secs]2020-10-27T20:19:24.147+0800: 0.367: [weak refs processing, 0.0000197 secs]2020-10-27T20:19:24.147+0800: 0.367: [class unloading, 0.0004213 secs]2020-10-27T20:19:24.148+0800: 0.367: [scrub symbol table, 0.0005387 secs]2020-10-27T20:19:24.148+0800: 0.368: [scrub string table, 0.0001690 secs][1 CMS-remark: 87379K(87424K)] 101643K(126720K), 0.0014638 secs] [Times: user=0.00 sys=0.00, real=0.00 secs] 
2020-10-27T20:19:24.148+0800: 0.368: [CMS-concurrent-sweep-start]
2020-10-27T20:19:24.149+0800: 0.369: [CMS-concurrent-sweep: 0.000/0.000 secs] [Times: user=0.00 sys=0.00, real=0.00 secs] 
2020-10-27T20:19:24.149+0800: 0.369: [CMS-concurrent-reset-start]
2020-10-27T20:19:24.149+0800: 0.369: [CMS-concurrent-reset: 0.000/0.000 secs] [Times: user=0.00 sys=0.00, real=0.00 secs] 
2020-10-27T20:19:24.154+0800: 0.374: [GC (Allocation Failure) 2020-10-27T20:19:24.154+0800: 0.374: [ParNew: 39243K->39243K(39296K), 0.0000179 secs]2020-10-27T20:19:24.154+0800: 0.374: [CMS: 87379K->87419K(87424K), 0.0200771 secs] 126623K->104617K(126720K), [Metaspace: 2987K->2987K(1056768K)], 0.0201818 secs] [Times: user=0.01 sys=0.00, real=0.02 secs] 
2020-10-27T20:19:24.174+0800: 0.394: [GC (CMS Initial Mark) [1 CMS-initial-mark: 87419K(87424K)] 104778K(126720K), 0.0001331 secs] [Times: user=0.00 sys=0.02, real=0.00 secs] 
2020-10-27T20:19:24.175+0800: 0.395: [CMS-concurrent-mark-start]
2020-10-27T20:19:24.176+0800: 0.396: [CMS-concurrent-mark: 0.001/0.001 secs] [Times: user=0.00 sys=0.00, real=0.00 secs] 
2020-10-27T20:19:24.176+0800: 0.396: [CMS-concurrent-preclean-start]
2020-10-27T20:19:24.176+0800: 0.396: [CMS-concurrent-preclean: 0.001/0.001 secs] [Times: user=0.00 sys=0.00, real=0.00 secs] 
2020-10-27T20:19:24.176+0800: 0.396: [CMS-concurrent-abortable-preclean-start]
2020-10-27T20:19:24.176+0800: 0.396: [CMS-concurrent-abortable-preclean: 0.000/0.000 secs] [Times: user=0.00 sys=0.00, real=0.00 secs] 
2020-10-27T20:19:24.177+0800: 0.396: [GC (CMS Final Remark) [YG occupancy: 28849 K (39296 K)]2020-10-27T20:19:24.177+0800: 0.396: [Rescan (parallel) , 0.0002012 secs]2020-10-27T20:19:24.177+0800: 0.397: [weak refs processing, 0.0000139 secs]2020-10-27T20:19:24.177+0800: 0.397: [class unloading, 0.0002297 secs]2020-10-27T20:19:24.177+0800: 0.397: [scrub symbol table, 0.0003295 secs]2020-10-27T20:19:24.177+0800: 0.397: [scrub string table, 0.0000978 secs][1 CMS-remark: 87419K(87424K)] 116269K(126720K), 0.0009466 secs] [Times: user=0.00 sys=0.00, real=0.00 secs] 
2020-10-27T20:19:24.178+0800: 0.397: [CMS-concurrent-sweep-start]
2020-10-27T20:19:24.178+0800: 0.398: [CMS-concurrent-sweep: 0.000/0.000 secs] [Times: user=0.00 sys=0.00, real=0.00 secs] 
2020-10-27T20:19:24.178+0800: 0.398: [CMS-concurrent-reset-start]
2020-10-27T20:19:24.178+0800: 0.398: [CMS-concurrent-reset: 0.000/0.000 secs] [Times: user=0.00 sys=0.00, real=0.00 secs] 
2020-10-27T20:19:24.179+0800: 0.399: [GC (Allocation Failure) 2020-10-27T20:19:24.179+0800: 0.399: [ParNew: 39182K->39182K(39296K), 0.0000155 secs]2020-10-27T20:19:24.179+0800: 0.399: [CMS: 87419K->86966K(87424K), 0.0225345 secs] 126601K->112592K(126720K), [Metaspace: 2987K->2987K(1056768K)], 0.0226158 secs] [Times: user=0.02 sys=0.00, real=0.02 secs] 
2020-10-27T20:19:24.202+0800: 0.422: [GC (CMS Initial Mark) [1 CMS-initial-mark: 86966K(87424K)] 112736K(126720K), 0.0001500 secs] [Times: user=0.00 sys=0.00, real=0.00 secs] 
2020-10-27T20:19:24.202+0800: 0.422: [CMS-concurrent-mark-start]
2020-10-27T20:19:24.203+0800: 0.423: [CMS-concurrent-mark: 0.001/0.001 secs] [Times: user=0.00 sys=0.00, real=0.00 secs] 
2020-10-27T20:19:24.203+0800: 0.423: [CMS-concurrent-preclean-start]
2020-10-27T20:19:24.204+0800: 0.424: [CMS-concurrent-preclean: 0.001/0.001 secs] [Times: user=0.00 sys=0.00, real=0.00 secs] 
2020-10-27T20:19:24.204+0800: 0.424: [CMS-concurrent-abortable-preclean-start]
2020-10-27T20:19:24.204+0800: 0.424: [CMS-concurrent-abortable-preclean: 0.000/0.000 secs] [Times: user=0.00 sys=0.00, real=0.00 secs] 
2020-10-27T20:19:24.204+0800: 0.424: [GC (CMS Final Remark) [YG occupancy: 31073 K (39296 K)]2020-10-27T20:19:24.204+0800: 0.424: [Rescan (parallel) , 0.0001958 secs]2020-10-27T20:19:24.205+0800: 0.424: [weak refs processing, 0.0000108 secs]2020-10-27T20:19:24.205+0800: 0.424: [class unloading, 0.0002184 secs]2020-10-27T20:19:24.205+0800: 0.425: [scrub symbol table, 0.0003265 secs]2020-10-27T20:19:24.205+0800: 0.425: [scrub string table, 0.0000915 secs][1 CMS-remark: 86966K(87424K)] 118039K(126720K), 0.0009096 secs] [Times: user=0.00 sys=0.00, real=0.00 secs] 
2020-10-27T20:19:24.205+0800: 0.425: [CMS-concurrent-sweep-start]
2020-10-27T20:19:24.206+0800: 0.425: [CMS-concurrent-sweep: 0.000/0.000 secs] [Times: user=0.00 sys=0.00, real=0.00 secs] 
2020-10-27T20:19:24.206+0800: 0.425: [CMS-concurrent-reset-start]
2020-10-27T20:19:24.206+0800: 0.426: [CMS-concurrent-reset: 0.000/0.000 secs] [Times: user=0.00 sys=0.00, real=0.00 secs] 
2020-10-27T20:19:24.207+0800: 0.427: [GC (Allocation Failure) 2020-10-27T20:19:24.207+0800: 0.427: [ParNew: 39223K->39223K(39296K), 0.0000163 secs]2020-10-27T20:19:24.207+0800: 0.427: [CMS: 86966K->87353K(87424K), 0.0223234 secs] 126189K->114963K(126720K), [Metaspace: 2987K->2987K(1056768K)], 0.0224286 secs] [Times: user=0.02 sys=0.00, real=0.02 secs] 
2020-10-27T20:19:24.235+0800: 0.454: [GC (CMS Initial Mark) [1 CMS-initial-mark: 87353K(87424K)] 115077K(126720K), 0.0001609 secs] [Times: user=0.00 sys=0.00, real=0.00 secs] 
2020-10-27T20:19:24.235+0800: 0.454: [CMS-concurrent-mark-start]
2020-10-27T20:19:24.236+0800: 0.455: [CMS-concurrent-mark: 0.001/0.001 secs] [Times: user=0.00 sys=0.00, real=0.00 secs] 
2020-10-27T20:19:24.236+0800: 0.455: [CMS-concurrent-preclean-start]
2020-10-27T20:19:24.236+0800: 0.456: [CMS-concurrent-preclean: 0.001/0.001 secs] [Times: user=0.00 sys=0.00, real=0.00 secs] 
2020-10-27T20:19:24.236+0800: 0.456: [CMS-concurrent-abortable-preclean-start]
2020-10-27T20:19:24.236+0800: 0.456: [CMS-concurrent-abortable-preclean: 0.000/0.000 secs] [Times: user=0.00 sys=0.00, real=0.00 secs] 
2020-10-27T20:19:24.236+0800: 0.456: [GC (CMS Final Remark) [YG occupancy: 32428 K (39296 K)]2020-10-27T20:19:24.236+0800: 0.456: [Rescan (parallel) , 0.0001807 secs]2020-10-27T20:19:24.237+0800: 0.456: [weak refs processing, 0.0000203 secs]2020-10-27T20:19:24.237+0800: 0.456: [class unloading, 0.0003592 secs]2020-10-27T20:19:24.237+0800: 0.457: [scrub symbol table, 0.0003614 secs]2020-10-27T20:19:24.237+0800: 0.457: [scrub string table, 0.0001076 secs][1 CMS-remark: 87353K(87424K)] 119781K(126720K), 0.0011262 secs] [Times: user=0.02 sys=0.00, real=0.00 secs] 
2020-10-27T20:19:24.238+0800: 0.457: [CMS-concurrent-sweep-start]
2020-10-27T20:19:24.238+0800: 0.458: [CMS-concurrent-sweep: 0.000/0.000 secs] [Times: user=0.00 sys=0.00, real=0.00 secs] 
2020-10-27T20:19:24.238+0800: 0.458: [CMS-concurrent-reset-start]
2020-10-27T20:19:24.238+0800: 0.458: [CMS-concurrent-reset: 0.000/0.000 secs] [Times: user=0.00 sys=0.00, real=0.00 secs] 
2020-10-27T20:19:24.239+0800: 0.459: [GC (Allocation Failure) 2020-10-27T20:19:24.239+0800: 0.459: [ParNew: 39250K->39250K(39296K), 0.0000173 secs]2020-10-27T20:19:24.239+0800: 0.459: [CMS: 87244K->87190K(87424K), 0.0201480 secs] 126494K->116279K(126720K), [Metaspace: 2987K->2987K(1056768K)], 0.0202526 secs] [Times: user=0.02 sys=0.00, real=0.02 secs] 
2020-10-27T20:19:24.260+0800: 0.480: [GC (CMS Initial Mark) [1 CMS-initial-mark: 87190K(87424K)] 116423K(126720K), 0.0002962 secs] [Times: user=0.00 sys=0.00, real=0.00 secs] 
2020-10-27T20:19:24.260+0800: 0.480: [CMS-concurrent-mark-start]
2020-10-27T20:19:24.262+0800: 0.482: [CMS-concurrent-mark: 0.002/0.002 secs] [Times: user=0.00 sys=0.00, real=0.00 secs] 
2020-10-27T20:19:24.262+0800: 0.482: [CMS-concurrent-preclean-start]
2020-10-27T20:19:24.263+0800: 0.483: [CMS-concurrent-preclean: 0.001/0.001 secs] [Times: user=0.00 sys=0.00, real=0.00 secs] 
2020-10-27T20:19:24.263+0800: 0.483: [CMS-concurrent-abortable-preclean-start]
2020-10-27T20:19:24.263+0800: 0.483: [CMS-concurrent-abortable-preclean: 0.000/0.000 secs] [Times: user=0.00 sys=0.00, real=0.00 secs] 
2020-10-27T20:19:24.263+0800: 0.483: [Full GC (Allocation Failure) 2020-10-27T20:19:24.263+0800: 0.483: [CMS (concurrent mode failure): 87190K->87190K(87424K), 0.0049016 secs] 126364K->118143K(126720K), [Metaspace: 2987K->2987K(1056768K)], 0.0049710 secs] [Times: user=0.00 sys=0.00, real=0.00 secs] 
2020-10-27T20:19:24.270+0800: 0.489: [Full GC (Allocation Failure) 2020-10-27T20:19:24.270+0800: 0.489: [CMS: 87190K->87204K(87424K), 0.0215637 secs] 126384K->120654K(126720K), [Metaspace: 2987K->2987K(1056768K)], 0.0216466 secs] [Times: user=0.01 sys=0.00, real=0.02 secs] 
2020-10-27T20:19:24.291+0800: 0.511: [GC (CMS Initial Mark) [1 CMS-initial-mark: 87204K(87424K)] 121127K(126720K), 0.0001617 secs] [Times: user=0.00 sys=0.00, real=0.00 secs] 
2020-10-27T20:19:24.292+0800: 0.511: [CMS-concurrent-mark-start]
2020-10-27T20:19:24.293+0800: 0.513: [Full GC (Allocation Failure) 2020-10-27T20:19:24.293+0800: 0.513: [CMS2020-10-27T20:19:24.293+0800: 0.513: [CMS-concurrent-mark: 0.002/0.002 secs] [Times: user=0.00 sys=0.00, real=0.00 secs] 
 (concurrent mode failure): 87312K->87193K(87424K), 0.0197101 secs] 126585K->123207K(126720K), [Metaspace: 2987K->2987K(1056768K)], 0.0198061 secs] [Times: user=0.02 sys=0.00, real=0.02 secs] 
2020-10-27T20:19:24.314+0800: 0.534: [Full GC (Allocation Failure) 2020-10-27T20:19:24.314+0800: 0.534: [CMS: 87193K->87064K(87424K), 0.0081468 secs] 125931K->123754K(126720K), [Metaspace: 2987K->2987K(1056768K)], 0.0082381 secs] [Times: user=0.01 sys=0.00, real=0.01 secs] 
2020-10-27T20:19:24.323+0800: 0.542: [GC (CMS Initial Mark) [1 CMS-initial-mark: 87064K(87424K)] 124348K(126720K), 0.0001340 secs] [Times: user=0.00 sys=0.00, real=0.00 secs] 
2020-10-27T20:19:24.323+0800: 0.542: [CMS-concurrent-mark-start]
2020-10-27T20:19:24.323+0800: 0.543: [Full GC (Allocation Failure) 2020-10-27T20:19:24.323+0800: 0.543: [CMS2020-10-27T20:19:24.324+0800: 0.544: [CMS-concurrent-mark: 0.001/0.001 secs] [Times: user=0.00 sys=0.00, real=0.00 secs] 
 (concurrent mode failure): 87064K->87372K(87424K), 0.0250661 secs] 126240K->124901K(126720K), [Metaspace: 2987K->2987K(1056768K)], 0.0251586 secs] [Times: user=0.03 sys=0.00, real=0.03 secs] 
2020-10-27T20:19:24.349+0800: 0.568: [Full GC (Allocation Failure) 2020-10-27T20:19:24.349+0800: 0.568: [CMS: 87372K->87372K(87424K), 0.0030208 secs] 126575K->125404K(126720K), [Metaspace: 2987K->2987K(1056768K)], 0.0030941 secs] [Times: user=0.00 sys=0.00, real=0.00 secs] 
2020-10-27T20:19:24.352+0800: 0.572: [GC (CMS Initial Mark) [1 CMS-initial-mark: 87372K(87424K)] 125508K(126720K), 0.0001335 secs] [Times: user=0.00 sys=0.00, real=0.00 secs] 
2020-10-27T20:19:24.352+0800: 0.572: [CMS-concurrent-mark-start]
2020-10-27T20:19:24.353+0800: 0.572: [Full GC (Allocation Failure) 2020-10-27T20:19:24.353+0800: 0.572: [CMS2020-10-27T20:19:24.354+0800: 0.573: [CMS-concurrent-mark: 0.001/0.002 secs] [Times: user=0.00 sys=0.00, real=0.00 secs] 
 (concurrent mode failure): 87372K->87372K(87424K), 0.0050989 secs] 126627K->125070K(126720K), [Metaspace: 2987K->2987K(1056768K)], 0.0051805 secs] [Times: user=0.00 sys=0.00, real=0.01 secs] 
2020-10-27T20:19:24.359+0800: 0.578: [Full GC (Allocation Failure) 2020-10-27T20:19:24.359+0800: 0.578: [CMS: 87372K->87372K(87424K), 0.0032588 secs] 126569K->125952K(126720K), [Metaspace: 2987K->2987K(1056768K)], 0.0033301 secs] [Times: user=0.00 sys=0.00, real=0.00 secs] 
2020-10-27T20:19:24.361+0800: 0.582: [GC (CMS Initial Mark) [1 CMS-initial-mark: 87372K(87424K)] 126096K(126720K), 0.0002076 secs] [Times: user=0.00 sys=0.00, real=0.00 secs] 
2020-10-27T20:19:24.362+0800: 0.582: [CMS-concurrent-mark-start]
2020-10-27T20:19:24.362+0800: 0.582: [Full GC (Allocation Failure) 2020-10-27T20:19:24.362+0800: 0.582: [CMS2020-10-27T20:19:24.363+0800: 0.583: [CMS-concurrent-mark: 0.001/0.001 secs] [Times: user=0.02 sys=0.00, real=0.00 secs] 
 (concurrent mode failure): 87372K->87372K(87424K), 0.0029219 secs] 126314K->125880K(126720K), [Metaspace: 2987K->2987K(1056768K)], 0.0029756 secs] [Times: user=0.02 sys=0.00, real=0.00 secs] 
2020-10-27T20:19:24.365+0800: 0.585: [Full GC (Allocation Failure) 2020-10-27T20:19:24.365+0800: 0.585: [CMS: 87372K->87372K(87424K), 0.0055699 secs] 126581K->125390K(126720K), [Metaspace: 2987K->2987K(1056768K)], 0.0056260 secs] [Times: user=0.00 sys=0.00, real=0.01 secs] 
2020-10-27T20:19:24.371+0800: 0.591: [GC (CMS Initial Mark) [1 CMS-initial-mark: 87372K(87424K)] 125678K(126720K), 0.0001653 secs] [Times: user=0.00 sys=0.00, real=0.00 secs] 
2020-10-27T20:19:24.371+0800: 0.591: [CMS-concurrent-mark-start]
2020-10-27T20:19:24.371+0800: 0.591: [Full GC (Allocation Failure) 2020-10-27T20:19:24.371+0800: 0.591: [CMS2020-10-27T20:19:24.373+0800: 0.593: [CMS-concurrent-mark: 0.002/0.002 secs] [Times: user=0.00 sys=0.00, real=0.00 secs] 
 (concurrent mode failure): 87372K->87337K(87424K), 0.0036187 secs] 126281K->125691K(126720K), [Metaspace: 2987K->2987K(1056768K)], 0.0036726 secs] [Times: user=0.00 sys=0.00, real=0.00 secs] 
2020-10-27T20:19:24.375+0800: 0.595: [Full GC (Allocation Failure) 2020-10-27T20:19:24.375+0800: 0.595: [CMS: 87337K->87239K(87424K), 0.0171745 secs] 126481K->126011K(126720K), [Metaspace: 2987K->2987K(1056768K)], 0.0172449 secs] [Times: user=0.02 sys=0.00, real=0.02 secs] 
2020-10-27T20:19:24.393+0800: 0.613: [GC (CMS Initial Mark) [1 CMS-initial-mark: 87239K(87424K)] 126155K(126720K), 0.0001672 secs] [Times: user=0.00 sys=0.00, real=0.00 secs] 
2020-10-27T20:19:24.393+0800: 0.613: [CMS-concurrent-mark-start]
2020-10-27T20:19:24.393+0800: 0.613: [Full GC (Allocation Failure) 2020-10-27T20:19:24.393+0800: 0.613: [CMS2020-10-27T20:19:24.394+0800: 0.614: [CMS-concurrent-mark: 0.001/0.001 secs] [Times: user=0.02 sys=0.00, real=0.00 secs] 
 (concurrent mode failure): 87239K->87239K(87424K), 0.0030936 secs] 126466K->126227K(126720K), [Metaspace: 2987K->2987K(1056768K)], 0.0031546 secs] [Times: user=0.02 sys=0.00, real=0.00 secs] 
2020-10-27T20:19:24.396+0800: 0.617: [Full GC (Allocation Failure) 2020-10-27T20:19:24.396+0800: 0.617: [CMS: 87239K->87239K(87424K), 0.0018697 secs] 126377K->126089K(126720K), [Metaspace: 2987K->2987K(1056768K)], 0.0019224 secs] [Times: user=0.00 sys=0.00, real=0.00 secs] 
2020-10-27T20:19:24.398+0800: 0.619: [GC (CMS Initial Mark) [1 CMS-initial-mark: 87239K(87424K)] 126224K(126720K), 0.0001287 secs] [Times: user=0.00 sys=0.00, real=0.00 secs] 
2020-10-27T20:19:24.399+0800: 0.619: [CMS-concurrent-mark-start]
2020-10-27T20:19:24.399+0800: 0.619: [Full GC (Allocation Failure) 2020-10-27T20:19:24.399+0800: 0.619: [CMS2020-10-27T20:19:24.400+0800: 0.620: [CMS-concurrent-mark: 0.001/0.001 secs] [Times: user=0.00 sys=0.00, real=0.00 secs] 
 (concurrent mode failure): 87311K->87293K(87424K), 0.0215413 secs] 126540K->126385K(126720K), [Metaspace: 2987K->2987K(1056768K)], 0.0216200 secs] [Times: user=0.01 sys=0.00, real=0.02 secs] 
2020-10-27T20:19:24.421+0800: 0.641: [Full GC (Allocation Failure) 2020-10-27T20:19:24.421+0800: 0.641: [CMS: 87293K->87273K(87424K), 0.0150001 secs] 126385K->126365K(126720K), [Metaspace: 2987K->2987K(1056768K)], 0.0150811 secs] [Times: user=0.02 sys=0.00, real=0.02 secs] 
Heap
 par new generation   total 39296K, used 39199K [0x00000000f8000000, 0x00000000faaa0000, 0x00000000faaa0000)
  eden space 34944K, 100% used [0x00000000f8000000, 0x00000000fa220000, 0x00000000fa220000)
  from space 4352K,  97% used [0x00000000fa660000, 0x00000000faa87ce0, 0x00000000faaa0000)
  to   space 4352K,   0% used [0x00000000fa220000, 0x00000000fa220000, 0x00000000fa660000)
 concurrent mark-sweep generation total 87424K, used 87273K [0x00000000faaa0000, 0x0000000100000000, 0x0000000100000000)
 Metaspace       used 3018K, capacity 4486K, committed 4864K, reserved 1056768K
  class space    used 312K, capacity 386K, committed 512K, reserved 1048576K
