OpenJDK 64-Bit Server VM (25.242-b08) for windows-amd64 JRE (1.8.0_242-b08), built on Jan 18 2020 02:18:05 by "Administrator" with MS VC++ 10.0 (VS2010)
Memory: 4k page, physical 8289272k(2500200k free), swap 20460664k(4147336k free)
CommandLine flags: -XX:InitialHeapSize=1073741824 -XX:MaxHeapSize=1073741824 -XX:MaxNewSize=348966912 -XX:MaxTenuringThreshold=6 -XX:NewSize=348966912 -XX:OldPLABSize=16 -XX:OldSize=697933824 -XX:+PrintGC -XX:+PrintGCDateStamps -XX:+PrintGCDetails -XX:+PrintGCTimeStamps -XX:+UseCompressedClassPointers -XX:+UseCompressedOops -XX:+UseConcMarkSweepGC -XX:-UseLargePagesIndividualAllocation -XX:+UseParNewGC 
2020-10-27T20:26:37.318+0800: 0.354: [GC (Allocation Failure) 2020-10-27T20:26:37.318+0800: 0.354: [ParNew: 272640K->34047K(306688K), 0.0209779 secs] 272640K->78237K(1014528K), 0.0212637 secs] [Times: user=0.03 sys=0.03, real=0.02 secs] 
2020-10-27T20:26:37.400+0800: 0.437: [GC (Allocation Failure) 2020-10-27T20:26:37.400+0800: 0.437: [ParNew: 306687K->34048K(306688K), 0.0301885 secs] 350877K->157675K(1014528K), 0.0302886 secs] [Times: user=0.09 sys=0.03, real=0.03 secs] 
2020-10-27T20:26:37.482+0800: 0.518: [GC (Allocation Failure) 2020-10-27T20:26:37.482+0800: 0.518: [ParNew: 306688K->34048K(306688K), 0.0536203 secs] 430315K->241587K(1014528K), 0.0537184 secs] [Times: user=0.11 sys=0.08, real=0.05 secs] 
2020-10-27T20:26:37.586+0800: 0.622: [GC (Allocation Failure) 2020-10-27T20:26:37.586+0800: 0.622: [ParNew: 306688K->34048K(306688K), 0.0533773 secs] 514227K->325457K(1014528K), 0.0534809 secs] [Times: user=0.11 sys=0.03, real=0.05 secs] 
2020-10-27T20:26:37.687+0800: 0.723: [GC (Allocation Failure) 2020-10-27T20:26:37.687+0800: 0.723: [ParNew: 306688K->34048K(306688K), 0.0472969 secs] 598097K->397776K(1014528K), 0.0473778 secs] [Times: user=0.11 sys=0.03, real=0.05 secs] 
2020-10-27T20:26:37.734+0800: 0.770: [GC (CMS Initial Mark) [1 CMS-initial-mark: 363728K(707840K)] 403307K(1014528K), 0.0001667 secs] [Times: user=0.00 sys=0.00, real=0.00 secs] 
2020-10-27T20:26:37.735+0800: 0.770: [CMS-concurrent-mark-start]
2020-10-27T20:26:37.744+0800: 0.780: [CMS-concurrent-mark: 0.010/0.010 secs] [Times: user=0.03 sys=0.00, real=0.01 secs] 
2020-10-27T20:26:37.744+0800: 0.780: [CMS-concurrent-preclean-start]
2020-10-27T20:26:37.745+0800: 0.781: [CMS-concurrent-preclean: 0.001/0.001 secs] [Times: user=0.00 sys=0.00, real=0.00 secs] 
2020-10-27T20:26:37.745+0800: 0.781: [CMS-concurrent-abortable-preclean-start]
2020-10-27T20:26:37.786+0800: 0.823: [GC (Allocation Failure) 2020-10-27T20:26:37.786+0800: 0.823: [ParNew: 306688K->34048K(306688K), 0.0591479 secs] 670416K->481692K(1014528K), 0.0592302 secs] [Times: user=0.05 sys=0.09, real=0.06 secs] 
2020-10-27T20:26:37.903+0800: 0.939: [GC (Allocation Failure) 2020-10-27T20:26:37.903+0800: 0.939: [ParNew2020-10-27T20:26:37.950+0800: 0.986: [CMS-concurrent-abortable-preclean: 0.004/0.205 secs] [Times: user=0.31 sys=0.11, real=0.21 secs] 
: 306688K->34048K(306688K), 0.0575337 secs] 754332K->561239K(1014528K), 0.0576809 secs] [Times: user=0.17 sys=0.02, real=0.06 secs] 
2020-10-27T20:26:37.961+0800: 0.997: [GC (CMS Final Remark) [YG occupancy: 34315 K (306688 K)]2020-10-27T20:26:37.961+0800: 0.998: [Rescan (parallel) , 0.0008582 secs]2020-10-27T20:26:37.962+0800: 0.998: [weak refs processing, 0.0000242 secs]2020-10-27T20:26:37.962+0800: 0.998: [class unloading, 0.0004323 secs]2020-10-27T20:26:37.963+0800: 0.999: [scrub symbol table, 0.0005143 secs]2020-10-27T20:26:37.963+0800: 0.999: [scrub string table, 0.0001723 secs][1 CMS-remark: 527191K(707840K)] 561506K(1014528K), 0.0021050 secs] [Times: user=0.00 sys=0.00, real=0.00 secs] 
2020-10-27T20:26:37.963+0800: 1.000: [CMS-concurrent-sweep-start]
2020-10-27T20:26:37.965+0800: 1.001: [CMS-concurrent-sweep: 0.002/0.002 secs] [Times: user=0.00 sys=0.00, real=0.00 secs] 
2020-10-27T20:26:37.965+0800: 1.001: [CMS-concurrent-reset-start]
2020-10-27T20:26:37.966+0800: 1.002: [CMS-concurrent-reset: 0.001/0.001 secs] [Times: user=0.00 sys=0.00, real=0.00 secs] 
2020-10-27T20:26:38.029+0800: 1.065: [GC (Allocation Failure) 2020-10-27T20:26:38.029+0800: 1.065: [ParNew: 306688K->34048K(306688K), 0.0252361 secs] 705698K->511020K(1014528K), 0.0254077 secs] [Times: user=0.11 sys=0.00, real=0.02 secs] 
2020-10-27T20:26:38.055+0800: 1.091: [GC (CMS Initial Mark) [1 CMS-initial-mark: 476972K(707840K)] 511283K(1014528K), 0.0001429 secs] [Times: user=0.00 sys=0.00, real=0.00 secs] 
2020-10-27T20:26:38.055+0800: 1.091: [CMS-concurrent-mark-start]
2020-10-27T20:26:38.061+0800: 1.097: [CMS-concurrent-mark: 0.006/0.006 secs] [Times: user=0.00 sys=0.00, real=0.01 secs] 
2020-10-27T20:26:38.061+0800: 1.097: [CMS-concurrent-preclean-start]
2020-10-27T20:26:38.062+0800: 1.098: [CMS-concurrent-preclean: 0.001/0.001 secs] [Times: user=0.00 sys=0.00, real=0.00 secs] 
2020-10-27T20:26:38.062+0800: 1.098: [CMS-concurrent-abortable-preclean-start]
Heap
 par new generation   total 306688K, used 268150K [0x00000000c0000000, 0x00000000d4cc0000, 0x00000000d4cc0000)
  eden space 272640K,  85% used [0x00000000c0000000, 0x00000000ce49da08, 0x00000000d0a40000)
  from space 34048K, 100% used [0x00000000d0a40000, 0x00000000d2b80000, 0x00000000d2b80000)
  to   space 34048K,   0% used [0x00000000d2b80000, 0x00000000d2b80000, 0x00000000d4cc0000)
 concurrent mark-sweep generation total 707840K, used 476972K [0x00000000d4cc0000, 0x0000000100000000, 0x0000000100000000)
 Metaspace       used 2993K, capacity 4486K, committed 4864K, reserved 1056768K
  class space    used 310K, capacity 386K, committed 512K, reserved 1048576K
