OpenJDK 64-Bit Server VM (25.242-b08) for windows-amd64 JRE (1.8.0_242-b08), built on Jan 18 2020 02:18:05 by "Administrator" with MS VC++ 10.0 (VS2010)
Memory: 4k page, physical 8289272k(1656440k free), swap 19004328k(2616572k free)
CommandLine flags: -XX:InitialHeapSize=134217728 -XX:MaxHeapSize=134217728 -XX:+PrintGC -XX:+PrintGCDateStamps -XX:+PrintGCDetails -XX:+PrintGCTimeStamps -XX:+UseCompressedClassPointers -XX:+UseCompressedOops -XX:-UseLargePagesIndividualAllocation -XX:+UseSerialGC 
2020-10-27T19:59:26.564+0800: 0.263: [GC (Allocation Failure) 2020-10-27T19:59:26.564+0800: 0.263: [DefNew: 34887K->4352K(39296K), 0.0166641 secs] 34887K->14458K(126720K), 0.0168954 secs] [Times: user=0.00 sys=0.00, real=0.02 secs] 
2020-10-27T19:59:26.600+0800: 0.299: [GC (Allocation Failure) 2020-10-27T19:59:26.600+0800: 0.299: [DefNew: 39293K->4349K(39296K), 0.0137975 secs] 49399K->26429K(126720K), 0.0139229 secs] [Times: user=0.00 sys=0.01, real=0.01 secs] 
2020-10-27T19:59:26.624+0800: 0.323: [GC (Allocation Failure) 2020-10-27T19:59:26.624+0800: 0.323: [DefNew: 39215K->4343K(39296K), 0.0133371 secs] 61295K->40738K(126720K), 0.0134475 secs] [Times: user=0.02 sys=0.00, real=0.01 secs] 
2020-10-27T19:59:26.652+0800: 0.351: [GC (Allocation Failure) 2020-10-27T19:59:26.652+0800: 0.351: [DefNew: 38989K->4351K(39296K), 0.0118648 secs] 75384K->51993K(126720K), 0.0119713 secs] [Times: user=0.00 sys=0.02, real=0.01 secs] 
2020-10-27T19:59:26.673+0800: 0.372: [GC (Allocation Failure) 2020-10-27T19:59:26.673+0800: 0.372: [DefNew: 39068K->4349K(39296K), 0.0107503 secs] 86709K->62993K(126720K), 0.0108774 secs] [Times: user=0.00 sys=0.01, real=0.01 secs] 
2020-10-27T19:59:26.697+0800: 0.396: [GC (Allocation Failure) 2020-10-27T19:59:26.697+0800: 0.396: [DefNew: 39293K->4351K(39296K), 0.0092884 secs] 97937K->71720K(126720K), 0.0093940 secs] [Times: user=0.00 sys=0.00, real=0.01 secs] 
2020-10-27T19:59:26.717+0800: 0.416: [GC (Allocation Failure) 2020-10-27T19:59:26.717+0800: 0.416: [DefNew: 39295K->4350K(39296K), 0.0112013 secs] 106664K->83205K(126720K), 0.0113132 secs] [Times: user=0.00 sys=0.02, real=0.01 secs] 
2020-10-27T19:59:26.739+0800: 0.438: [GC (Allocation Failure) 2020-10-27T19:59:26.739+0800: 0.438: [DefNew: 39294K->39294K(39296K), 0.0000278 secs]2020-10-27T19:59:26.739+0800: 0.438: [Tenured: 78855K->87123K(87424K), 0.0273727 secs] 118149K->88917K(126720K), [Metaspace: 2987K->2987K(1056768K)], 0.0275159 secs] [Times: user=0.02 sys=0.00, real=0.03 secs] 
2020-10-27T19:59:26.778+0800: 0.477: [Full GC (Allocation Failure) 2020-10-27T19:59:26.778+0800: 0.477: [Tenured: 87267K->87352K(87424K), 0.0260200 secs] 126454K->99062K(126720K), [Metaspace: 2987K->2987K(1056768K)], 0.0261415 secs] [Times: user=0.03 sys=0.00, real=0.03 secs] 
2020-10-27T19:59:26.813+0800: 0.512: [Full GC (Allocation Failure) 2020-10-27T19:59:26.814+0800: 0.512: [Tenured: 87352K->87409K(87424K), 0.0267693 secs] 126215K->106282K(126720K), [Metaspace: 2987K->2987K(1056768K)], 0.0271716 secs] [Times: user=0.03 sys=0.00, real=0.03 secs] 
2020-10-27T19:59:26.846+0800: 0.545: [Full GC (Allocation Failure) 2020-10-27T19:59:26.846+0800: 0.545: [Tenured: 87409K->87326K(87424K), 0.0326241 secs] 126395K->107966K(126720K), [Metaspace: 2987K->2987K(1056768K)], 0.0327355 secs] [Times: user=0.05 sys=0.00, real=0.03 secs] 
2020-10-27T19:59:26.884+0800: 0.583: [Full GC (Allocation Failure) 2020-10-27T19:59:26.884+0800: 0.583: [Tenured: 87326K->87326K(87424K), 0.0083859 secs] 126439K->114224K(126720K), [Metaspace: 2987K->2987K(1056768K)], 0.0085008 secs] [Times: user=0.00 sys=0.00, real=0.01 secs] 
2020-10-27T19:59:26.896+0800: 0.595: [Full GC (Allocation Failure) 2020-10-27T19:59:26.896+0800: 0.595: [Tenured: 87326K->86841K(87424K), 0.0127972 secs] 126519K->119785K(126720K), [Metaspace: 2987K->2987K(1056768K)], 0.0129027 secs] [Times: user=0.00 sys=0.00, real=0.01 secs] 
2020-10-27T19:59:26.912+0800: 0.611: [Full GC (Allocation Failure) 2020-10-27T19:59:26.912+0800: 0.611: [Tenured: 87386K->87032K(87424K), 0.0035368 secs] 126661K->121286K(126720K), [Metaspace: 2987K->2987K(1056768K)], 0.0036576 secs] [Times: user=0.00 sys=0.00, real=0.00 secs] 
2020-10-27T19:59:26.918+0800: 0.617: [Full GC (Allocation Failure) 2020-10-27T19:59:26.918+0800: 0.617: [Tenured: 87403K->87105K(87424K), 0.0353846 secs] 126694K->119094K(126720K), [Metaspace: 2987K->2987K(1056768K)], 0.0357524 secs] [Times: user=0.03 sys=0.00, real=0.04 secs] 
2020-10-27T19:59:26.956+0800: 0.655: [Full GC (Allocation Failure) 2020-10-27T19:59:26.956+0800: 0.655: [Tenured: 87277K->87277K(87424K), 0.0035960 secs] 126452K->120165K(126720K), [Metaspace: 2987K->2987K(1056768K)], 0.0037087 secs] [Times: user=0.01 sys=0.00, real=0.00 secs] 
2020-10-27T19:59:26.963+0800: 0.662: [Full GC (Allocation Failure) 2020-10-27T19:59:26.963+0800: 0.662: [Tenured: 87380K->87380K(87424K), 0.0090847 secs] 126651K->121170K(126720K), [Metaspace: 2987K->2987K(1056768K)], 0.0092032 secs] [Times: user=0.00 sys=0.00, real=0.01 secs] 
2020-10-27T19:59:26.974+0800: 0.673: [Full GC (Allocation Failure) 2020-10-27T19:59:26.974+0800: 0.673: [Tenured: 87423K->87423K(87424K), 0.0111316 secs] 126719K->123599K(126720K), [Metaspace: 2987K->2987K(1056768K)], 0.0112405 secs] [Times: user=0.00 sys=0.00, real=0.01 secs] 
2020-10-27T19:59:26.986+0800: 0.685: [Full GC (Allocation Failure) 2020-10-27T19:59:26.986+0800: 0.685: [Tenured: 87423K->87419K(87424K), 0.0264208 secs] 126651K->124189K(126720K), [Metaspace: 2987K->2987K(1056768K)], 0.0265175 secs] [Times: user=0.03 sys=0.00, real=0.03 secs] 
2020-10-27T19:59:27.014+0800: 0.713: [Full GC (Allocation Failure) 2020-10-27T19:59:27.014+0800: 0.713: [Tenured: 87419K->87419K(87424K), 0.0087482 secs] 126710K->124406K(126720K), [Metaspace: 2987K->2987K(1056768K)], 0.0088475 secs] [Times: user=0.02 sys=0.00, real=0.01 secs] 
2020-10-27T19:59:27.024+0800: 0.722: [Full GC (Allocation Failure) 2020-10-27T19:59:27.024+0800: 0.722: [Tenured: 87419K->87419K(87424K), 0.0034974 secs] 126697K->125470K(126720K), [Metaspace: 2987K->2987K(1056768K)], 0.0035955 secs] [Times: user=0.00 sys=0.00, real=0.00 secs] 
2020-10-27T19:59:27.027+0800: 0.727: [Full GC (Allocation Failure) 2020-10-27T19:59:27.027+0800: 0.727: [Tenured: 87419K->87419K(87424K), 0.0044795 secs] 126551K->125699K(126720K), [Metaspace: 2987K->2987K(1056768K)], 0.0045780 secs] [Times: user=0.00 sys=0.00, real=0.01 secs] 
2020-10-27T19:59:27.032+0800: 0.732: [Full GC (Allocation Failure) 2020-10-27T19:59:27.032+0800: 0.732: [Tenured: 87419K->87405K(87424K), 0.0242408 secs] 126122K->125153K(126720K), [Metaspace: 2987K->2987K(1056768K)], 0.0243313 secs] [Times: user=0.03 sys=0.00, real=0.02 secs] 
2020-10-27T19:59:27.057+0800: 0.757: [Full GC (Allocation Failure) 2020-10-27T19:59:27.057+0800: 0.757: [Tenured: 87405K->87405K(87424K), 0.0035051 secs] 126692K->125851K(126720K), [Metaspace: 2987K->2987K(1056768K)], 0.0035820 secs] [Times: user=0.00 sys=0.00, real=0.00 secs] 
2020-10-27T19:59:27.061+0800: 0.760: [Full GC (Allocation Failure) 2020-10-27T19:59:27.061+0800: 0.760: [Tenured: 87405K->87405K(87424K), 0.0029896 secs] 126490K->126063K(126720K), [Metaspace: 2987K->2987K(1056768K)], 0.0030605 secs] [Times: user=0.00 sys=0.00, real=0.00 secs] 
2020-10-27T19:59:27.064+0800: 0.764: [Full GC (Allocation Failure) 2020-10-27T19:59:27.064+0800: 0.764: [Tenured: 87405K->87405K(87424K), 0.0030265 secs] 126631K->126099K(126720K), [Metaspace: 2987K->2987K(1056768K)], 0.0031118 secs] [Times: user=0.02 sys=0.00, real=0.00 secs] 
2020-10-27T19:59:27.068+0800: 0.767: [Full GC (Allocation Failure) 2020-10-27T19:59:27.068+0800: 0.767: [Tenured: 87405K->87374K(87424K), 0.0295767 secs] 126487K->126408K(126720K), [Metaspace: 2987K->2987K(1056768K)], 0.0296568 secs] [Times: user=0.03 sys=0.00, real=0.03 secs] 
2020-10-27T19:59:27.097+0800: 0.797: [Full GC (Allocation Failure) 2020-10-27T19:59:27.097+0800: 0.797: [Tenured: 87374K->87355K(87424K), 0.0234684 secs] 126408K->126389K(126720K), [Metaspace: 2987K->2987K(1056768K)], 0.0235444 secs] [Times: user=0.01 sys=0.00, real=0.02 secs] 
Heap
 def new generation   total 39296K, used 39121K [0x00000000f8000000, 0x00000000faaa0000, 0x00000000faaa0000)
  eden space 34944K, 100% used [0x00000000f8000000, 0x00000000fa220000, 0x00000000fa220000)
  from space 4352K,  95% used [0x00000000fa660000, 0x00000000faa74420, 0x00000000faaa0000)
  to   space 4352K,   0% used [0x00000000fa220000, 0x00000000fa220000, 0x00000000fa660000)
 tenured generation   total 87424K, used 87355K [0x00000000faaa0000, 0x0000000100000000, 0x0000000100000000)
   the space 87424K,  99% used [0x00000000faaa0000, 0x00000000fffeed48, 0x00000000fffeee00, 0x0000000100000000)
 Metaspace       used 3018K, capacity 4486K, committed 4864K, reserved 1056768K
  class space    used 312K, capacity 386K, committed 512K, reserved 1048576K
