OpenJDK 64-Bit Server VM (25.242-b08) for windows-amd64 JRE (1.8.0_242-b08), built on Jan 18 2020 02:18:05 by "Administrator" with MS VC++ 10.0 (VS2010)
Memory: 4k page, physical 8289272k(1981300k free), swap 19004328k(2739464k free)
CommandLine flags: -XX:InitialHeapSize=536870912 -XX:MaxHeapSize=536870912 -XX:+PrintGC -XX:+PrintGCDateStamps -XX:+PrintGCDetails -XX:+PrintGCTimeStamps -XX:+UseCompressedClassPointers -XX:+UseCompressedOops -XX:-UseLargePagesIndividualAllocation -XX:+UseSerialGC 
2020-10-27T20:02:12.634+0800: 0.277: [GC (Allocation Failure) 2020-10-27T20:02:12.635+0800: 0.277: [DefNew: 139046K->17472K(157248K), 0.0377247 secs] 139046K->51130K(506816K), 0.0379174 secs] [Times: user=0.02 sys=0.00, real=0.04 secs] 
2020-10-27T20:02:12.708+0800: 0.350: [GC (Allocation Failure) 2020-10-27T20:02:12.708+0800: 0.350: [DefNew: 157137K->17470K(157248K), 0.0426545 secs] 190796K->102040K(506816K), 0.0427495 secs] [Times: user=0.00 sys=0.03, real=0.04 secs] 
2020-10-27T20:02:12.779+0800: 0.421: [GC (Allocation Failure) 2020-10-27T20:02:12.779+0800: 0.421: [DefNew: 157233K->17467K(157248K), 0.0320657 secs] 241802K->147596K(506816K), 0.0321588 secs] [Times: user=0.00 sys=0.03, real=0.03 secs] 
2020-10-27T20:02:12.839+0800: 0.481: [GC (Allocation Failure) 2020-10-27T20:02:12.839+0800: 0.481: [DefNew: 157243K->17470K(157248K), 0.0315843 secs] 287372K->194935K(506816K), 0.0316763 secs] [Times: user=0.02 sys=0.02, real=0.03 secs] 
2020-10-27T20:02:12.903+0800: 0.545: [GC (Allocation Failure) 2020-10-27T20:02:12.903+0800: 0.545: [DefNew: 157246K->17471K(157248K), 0.0294057 secs] 334711K->238280K(506816K), 0.0294781 secs] [Times: user=0.01 sys=0.01, real=0.03 secs] 
2020-10-27T20:02:12.962+0800: 0.605: [GC (Allocation Failure) 2020-10-27T20:02:12.962+0800: 0.605: [DefNew: 157247K->17470K(157248K), 0.0345205 secs] 378056K->285202K(506816K), 0.0346015 secs] [Times: user=0.02 sys=0.02, real=0.04 secs] 
2020-10-27T20:02:13.024+0800: 0.665: [GC (Allocation Failure) 2020-10-27T20:02:13.024+0800: 0.665: [DefNew: 157246K->17466K(157248K), 0.0319384 secs] 424978K->330960K(506816K), 0.0320152 secs] [Times: user=0.01 sys=0.01, real=0.03 secs] 
2020-10-27T20:02:13.081+0800: 0.723: [GC (Allocation Failure) 2020-10-27T20:02:13.081+0800: 0.723: [DefNew: 157242K->157242K(157248K), 0.0000155 secs]2020-10-27T20:02:13.081+0800: 0.723: [Tenured: 313493K->275107K(349568K), 0.0497953 secs] 470736K->275107K(506816K), [Metaspace: 2987K->2987K(1056768K)], 0.0499167 secs] [Times: user=0.06 sys=0.00, real=0.05 secs] 
2020-10-27T20:02:13.157+0800: 0.799: [GC (Allocation Failure) 2020-10-27T20:02:13.157+0800: 0.799: [DefNew: 139776K->17471K(157248K), 0.0090233 secs] 414883K->318536K(506816K), 0.0091002 secs] [Times: user=0.00 sys=0.00, real=0.01 secs] 
2020-10-27T20:02:13.193+0800: 0.835: [GC (Allocation Failure) 2020-10-27T20:02:13.193+0800: 0.836: [DefNew: 157247K->157247K(157248K), 0.0000243 secs]2020-10-27T20:02:13.193+0800: 0.836: [Tenured: 301064K->300356K(349568K), 0.0560846 secs] 458312K->300356K(506816K), [Metaspace: 2987K->2987K(1056768K)], 0.0563436 secs] [Times: user=0.05 sys=0.00, real=0.06 secs] 
2020-10-27T20:02:13.277+0800: 0.919: [GC (Allocation Failure) 2020-10-27T20:02:13.277+0800: 0.919: [DefNew: 139776K->17471K(157248K), 0.0138442 secs] 440132K->341837K(506816K), 0.0139080 secs] [Times: user=0.01 sys=0.00, real=0.01 secs] 
2020-10-27T20:02:13.322+0800: 0.964: [GC (Allocation Failure) 2020-10-27T20:02:13.322+0800: 0.964: [DefNew: 157247K->157247K(157248K), 0.0000258 secs]2020-10-27T20:02:13.322+0800: 0.964: [Tenured: 324366K->313185K(349568K), 0.0712393 secs] 481613K->313185K(506816K), [Metaspace: 2987K->2987K(1056768K)], 0.0713765 secs] [Times: user=0.06 sys=0.00, real=0.07 secs] 
2020-10-27T20:02:13.436+0800: 1.077: [GC (Allocation Failure) 2020-10-27T20:02:13.436+0800: 1.077: [DefNew: 139776K->139776K(157248K), 0.0000245 secs]2020-10-27T20:02:13.436+0800: 1.077: [Tenured: 313185K->311246K(349568K), 0.0778363 secs] 452961K->311246K(506816K), [Metaspace: 2987K->2987K(1056768K)], 0.0779625 secs] [Times: user=0.08 sys=0.00, real=0.08 secs] 
Heap
 def new generation   total 157248K, used 10911K [0x00000000e0000000, 0x00000000eaaa0000, 0x00000000eaaa0000)
  eden space 139776K,   7% used [0x00000000e0000000, 0x00000000e0aa7cf0, 0x00000000e8880000)
  from space 17472K,   0% used [0x00000000e9990000, 0x00000000e9990000, 0x00000000eaaa0000)
  to   space 17472K,   0% used [0x00000000e8880000, 0x00000000e8880000, 0x00000000e9990000)
 tenured generation   total 349568K, used 311246K [0x00000000eaaa0000, 0x0000000100000000, 0x0000000100000000)
   the space 349568K,  89% used [0x00000000eaaa0000, 0x00000000fda93828, 0x00000000fda93a00, 0x0000000100000000)
 Metaspace       used 2993K, capacity 4486K, committed 4864K, reserved 1056768K
  class space    used 310K, capacity 386K, committed 512K, reserved 1048576K
